// Jest Snapshot v1, https://goo.gl/fbAQLP

exports[`HomePage should render the heading 1`] = `Object {}`;
